DURATION=10
FINGERPRINT=4152350079,4152350591,4152358911,4152227839,4118410719,4118664669,4110276061,4110284287,4101895679,4118672895,4118409599,4118664575,4152350071,4152358263,4160746871,4160747351,4160739159,4152219487,4152227711,3615356287,4152219007,4152219007,4152358271,4152358239,4118803807,4118664543,4118664703,4118664703,4118673407,4118804447,3581933535,3581933535,3615487359,3623744895,3623744895,4160615807,4118672767,4118402431,4118664575,4152226175,4152226303,4152358365,4152358365,4286567933,4286436733,4152227197,4118672765,4118672765,4127061375,4127053151,4127052287,4127060479,4127060479,4118671871,4118803935,4118795743,4118803807,4118803831,4118672759
